Re, Re, Re, Re, Re, Re, Re, Re, Re, Re, Re, Re, Re, Re, Re, Re, Re, Re, Re, Re, Re, Re, Re, Re, Re, Re, Re, Re, Re, Re, Re, Re, Re, Re, Ur, Rp, Ur, Re, Re, Re, Re, Re, Re, Re, Re, Re, Re, Re, Re, Re, Re, Re, Re, Re, Re, Re, Re, Re, Re, Re, Ms, Aa, Aa, Aa, Aa, Aa, Aa
Re, Re, Re, Re, Re, Re, Re, Re, Re, Re, Re, Re, Re, Re, Re, Re, Re, Re^Edt, Re, Re, Re, Re, Re, Re, Re, Re, Re, Re, Re, Re, Re, Re, Re, Re, Ur, Ur, Ur, Ur, Re, Re, Re, Re, Re, Re, Re, Re, Re, Re, Re, Re, Re, Re, Gd^Fetd, Re, Re, Re^Edb, Re, Re, Ms, Ms, Ms, Ms, Aa, Aa, Aa, Aa, Aa
Re, Re, Re, Re^Edt, Re^Edt, Re, Re, Re, Re, Re, Re, Re, Re, Re, Re, Re, Re, Re^Edt, Re^Es, Re, Re, Re, Re, Re, Re, Re, Re, Re, Re^Edb, Re^Edb, Co, Re, Co, Re, Ur, Ur, 2 Ur, Ur, Re, Re, Re, Re^Edt, Re, Gs, Mv, Re, Re, Re, Re^Edb, Re, Re, Re, Re, Re, Re, Re, Ms, Ms, Ms, Ms, Ms, Ms, Aa, Aa, Aa, Aa, Aa
Re, Re, Re, Re, Re, Re^Es, Re, Re, Re, Mv, Re, Re, Re, Re, Gd^Fetd, Re, Re, Re, Re, Re, Re, Re, Re, Re, Re, Re, Gd^Fetd, Re, Re, Re, Co, Ko, Co, Re, Ur, Ur, Ur, Ur, Re, Re^Edb, Re^Edb, Re^Edt, Re, Gs, Gs, Re, Re, Re^Edb, Re, Re, Ms, Re, Re, Re, Re, Ms, Ms, Ms, Ms, Ms, Aa, Aa, Aa, Aa, Aa, Aa, Aa
Re, Re, Re^Edb, Re, Re^Es, Re, Re, Re, Re, Re, Re, Re, Re, Re, Re, Re, Re, Re, Re^Edt, Re, Re, Mv, Re^Edb, Re, Re, Re, Re, Re, Re, Re, Re^Es, Co, Re, Re, Ur, Ur, Ur, Ur, Re, Re^Edb, Re^Edb, Re^Edt, Gd^Fetd, Gd^Vo, Re, Re, Re, Re, Re, Aa, Ms, Ms, Ms, Ms, Aa, Aa, Ms, Ms, Ms, Aa, Aa, Aa, Aa, Aa, Aa, Aa, Aa
Re, Re, Re, Re^Edb, Re, Re, Re, Re, Re, Re, Re, Re, Re^Es, Re^Es, Re, Re, Re^Edt, Re^Es, Re^Edt, Re, Re, Re^Edb, Re, Re, Re^Edt, Re, Re, Re, Re, Re, Re, Re^Es, Re, Ur, Ur, Ur, Ur, Re, Re^Edb, Re, Re, Re, Re, Re, Re, Re, Ms, Ms, Ms, Ha, Ms, Ms, Ms, Ms, Ms, Aa, Aa, Ms, Aa, Aa, Aa, Aa, Aa, Aa, Aa, Aa, Aa
Re, Re, Re, Re, Ms, Ms, Ms, Ms, Ms, Ms, Ms, Ms, Re, Re, Re, Re, Re, Re, Re, Re, Re, Re^Edb, Re, Re^Edt, Re, Re, Re, Re, Gs, Re, Re, Re, Re, Ur, Ur, Ur, Re, Re, Re^Edb, Re, Mv, Re, Re, Re, Re, Re, Ms, Ms, Ms, Aa, Aa, Aa, Aa, Ms, Aa, Aa, Aa, Aa, Aa, Aa, Aa, Aa, Aa, Aa, Aa, Aa, Aa
Re, Re, Ms, Ms, Ms, Ms, Ms, Ms, Ms, Ms, Ms, Ms, Re, Re, Re, Re, Re, Re, Re, Re, Re, Re, Re, Re^Edt, Re, Re, Re, Gs, Gs, Gs, Hhd, Re, Ur, Ur, Ur, Ur, Re, Re, Re, Re, Gs, Gs, Re, Re, Ms, Ms, Ms, Ms, Aa, Aa, Aa, Aa, Aa, Aa, Aa, Aa, Aa^Fpa, Aa^Fpa, Aa^Fpa, Aa, Aa, Aa, Aa, Aa, Aa, Aa, Aa
Re, Re, Ms, Ms, Ms, Ms, Ms, Ms, Ms, Ms, Ms, Ms, Ms, Hhd, Hhd, Re, Aa, Aa, Ms, Aa, Aa, Re, Re, Re, Re, Re, Re, Aa, Gs, Mv, Gd^Vo, Ur, Ur, Ur, Ur, Ur, Re, Re, Re, Re, Re, Re, Aa, Re, Aa, Ms, Ms, Aa, Aa, Aa, Aa, Aa, Aa, Aa, Aa^Fpa, Aa, Aa^Fpa, Aa^Fpa, Aa^Fpa, Aa, Aa, Aa, Aa, Aa, Aa, Aa, Aa
Ms, Ms, Ms, Ms, Ms, Ms, Ms, Ms, Ms, Ms, Ms, Ms, Ms, Aa, Aa, Ms, Ms, Ms, Ms, Ms, Ms, Aa, Aa, Re, Re, Re, Aa, Aa, Gs, Gs, Ur, Ur, Ur, Ur, Re, Re, Re, Re, Re, Re, Ms, Ms, Ms, Aa, Aa, Aa, Aa, Aa, Aa, Aa, Aa, Aa, Aa^Fpa, Aa^Fpa, Aa^Fpa, Aa^Fpa, Aa^Fpa, Aa^Fpa, Aa^Fpa, Aa^Fpa, Aa^Fpa, Aa, Aa, Aa, Aa, Aa, Aa
Ms, Ms, Ms, Ms, Ms, Ms, Ms, Ms, Ms, Ms, Ms, Ms, Ms, Ms, Ms, Aa, Ms, Ms, Ms, Ms, Ms, Ms, Ms, Aa, Aa, Aa, Ms, Ms, Ms, Aa, Rp, Ur, Ur, Re, Re, Re, Re, Re, Ms, Ms, Ms, Ms, Ms, Ms, Aa, Aa, Aa, Aa, Aa, Aa, Aa, Aa^Fpa, Aa^Fpa, Aa^Fpa, Aa^Fpa, Aa^Fpa, Aa, Aa^Fpa, Aa^Fpa, Aa^Fpa, Aa^Fpa, Aa^Fpa, Aa, Aa, Aa, Aa, Aa
Aa, Ms, Aa, Aa, Aa^Fda, Aa, Aa, Aa, Aa^Fda, Aa^Fda, Aa^Fda, Aa, Aa, Ms, Aa, Aa, Aa, Ms, Ms, Ms, Ms, Ms, Ms, Ms, Ms, Aa, Ms, Ms, Ms, Rp, Rp, Rp, Ms, Ms, Ms, Aa, Ms, Ms, Ms, Ms, Ms, Ms, Aa, Aa, Aa^Fpa, Aa^Fpa, Aa^Fpa, Aa, Aa, Aa, Aa, Aa^Fpa, Aa^Fpa, Aa^Fpa, Aa, Aa, Aa, Aa^Fpa, Aa^Fpa, Aa^Fpa, Aa^Fpa, Aa^Fpa, Aa^Fpa, Aa, Aa, Aa, Aa
Aa, Aa, Aa, Aa, Aa, Aa, Aa^Fda, Aa, Aa, Aa^Fda, Aa^Fda, Aa^Fda, Aa^Fda, Aa^Fda, Aa^Fda, Aa^Fda, Aa^Fda, Aa, Aa, Aa, Aa, Ms, Ms, Ms, Ms, Ms, Ms, Ms, Rp, Rp, Rp, Koa, Ms, Ms, Ms, Aa^Vca, Aa, Ms, Ms, Ms, Ms, Aa, Aa, Aa, Aa^Fpa, Aa^Fpa, Aa^Fpa, Aa, Ha, Aa, Aa^Fpa, Aa, Aa, Aa, Aa, Aa, Aa, Aa, Aa, Aa^Fpa, Aa^Fpa, Aa^Fpa, Aa^Fpa, Aa^Fpa, Aa, Aa, Aa
Aa, Aa, Aa, Aa, Aa, Aa^Fda, Aa^Fda, Aa, Aa, Aa^Fda, Aa^Fda, Aa^Fda, Aa^Fda, Aa^Fda, Aa^Fda, Aa^Fda, Aa^Fda, Aa, Aa, Aa^Fda, Aa^Fda, Aa^Fda, Ms, Ms, Ms, Ms, Ms, Rp, Rp, Rp, Rp, Coa, Aa, Ms, Ms, Ms, Ms, Aa, Aa, Ms, Aa, Aa, Aa^Fpa, Aa^Fpa, Aa^Fpa, Aa^Fpa, Aa, Aa, Aa, Aa^Fpa, Aa^Fpa, Aa^Fpa, Ha, Aa, Aa, Aa, Aa, Aa, Aa, Aa^Fpa, Aa^Fpa, Aa^Fpa, Aa^Fpa, Aa^Fpa, Aa, Aa, Aa
Aa, Aa, Aa, Aa, Aa^Fda, Aa, Aa^Fda, Aa, Aa, Aa, Aa^Fda, Aa^Fda, Aa^Fda, Aa^Fda, Aa, Aa^Fda, Aa, Aa, Aa, Aa^Fda, Aa^Fda, Aa^Fda, Aa^Fda, Ms, Ms, Ms, Aa, Rp, Rp, Rp, Aa, Aa, Aa, Aa, Aa, Aa, Aa, Aa, Aa, Aa, Aa, Aa, Aa^Fpa, Aa^Fpa, Aa^Fpa, Aa, Aa, Ha, Aa, Aa^Fpa, Aa^Fpa, Aa^Fpa, Ha, Ha, Aa, Aa, Aa, Aa, Aa, Aa, Aa^Fpa, Aa^Fpa, Aa^Fpa, Aa^Fpa, Aa, Aa, Aa
Wog, Aa, Wog, Aa, Aa^Fda, Aa^Fda, Aa^Fda, Aa, Aa, Aa, Aa, Aa^Fda, Aa, Aa^Fda, Aa^Fda, Aa, Aa, Aa^Fda, Aa^Fda, Aa, Aa, Aa^Fda, Aa^Fda, Aa^Fda, Aa^Fda, Aa, Aa, Rp, Rp, Rp, Aa, Aa, Aa, Aa, Aa, Aa, Aa, Aa, Aa, Aa, Aa, Aa, Aa, Aa^Fpa, Aa, Aa, Ha, Ha, Aa, Aa, Aa^Ecf, Aa, Aa, Ha, Aa, Aa, Aa, Aa, Aa, Aa, Aa, Aa^Fpa, Aa^Fpa, Aa^Fpa, Aa, Aa, Aa
Wog, Wog, Wog, Wog, Wog, Aa^Fda, Aa, Aa, Aa, Aa, Aa, Aa, Aa, Aa, Aa^Fda, Aa, Aa, Aa, Aa^Voa, Aa, Aa, Aa, Aa^Fda, Aa^Fda, Aa^Fda, Aa, Aa, Rp, Rp, Rp, Aa, Aa, Aa, Aa, Wog, Wog, Wog, Aa, Wog, Aa, Aa, Aa, Aa, Aa, Aa, Aa, Ha, Aa^Fpa, Aa, Aa^Voa, Aa, Aa, Aa, Aa^Fpa, Aa^Fpa, Aa, Aa, Aa, Aa, Aa, Aa, Aa, Aa, Aa, Aa, Aa, Aa
Wog, Wog, Wog, Wog, Wog, Wog, Wog, Wog, Wog, Aa, Aa, Aa^Fda, Aa, Aa^Fda, Aa, Aa^Fda, Aa, Aa, Aa, Aa, Aa, Aa, Aa, Aa^Fda, Aa, Aa, Aa, Rp, Rp, Rp, Wog, Wog, Wog, Wog, Wog, Wog, Wog, Wog, Wog, Ai, Ai, Aa, Aa, Aa, Aa, Aa, Aa, Aa^Fpa, Aa, Aa, Aa, Ha, Aa, Aa^Fpa, Aa, Aa, Aa, Aa, Aa, Aa, Aa, Aa, Aa^Fda, Aa, Aa, Aa, Aa
Wog, Wog, Wog, Wog, Wog, Wog, Wog, Wog, Wog, Ai, Wog, Wog, Wog, Aa, Wog, Aa, Wog, Aa, Wog, Aa, Wog, Aa, Aa, Aa, Aa, Aa, Aa, Cea, Wog, Wog^Bsb\, Wog^Bsb\, Wog, Ai, Ai, Wog, Wog, Wog, Wog, Ai, Ai, Ai, Ai, Aa^Voa, Aa, Aa, Aa, Aa, Aa, Aa, Ww, Aa, Ha, Ha, Aa, Ha, Aa, Aa, Aa, Aa^Fda, Aa^Fda, Aa^Fda, Aa^Fda, Aa^Fda, Aa, Aa, Aa, Aa
Aa, Wog, Wog, Wog, Wog, Wog, Wog, Wog, Ai, Ai, Ai, Wog, Wog, Wog, Wog, Wog, Wog, Wog, Ai, Ai, Wog, Wog, Wog, Wog, Wog, Aa, Ai, Wog, Ai, Ai, Wog, Wog^Bsb\, Wog^Bsb\, Wog, Chr, Wog, Chr, Wog, Ai, Ai, Wog, Ai, Wog, Aa, Aa, Aa, Aa, Aa, Aa, Ww, Ww, Aa, Aa, Ha, Aa, Aa, Aa, Aa, Aa^Fda, Aa, Aa, Aa^Fda, Aa^Fda, Aa, Aa, Aa, Aa
Aa, Aa, Aa, Wog, Wog, Wog, Wog, Wog, Wog, Wog, Ai, Ai, Ai, Wog, Wog, Wog, Wog, Wog, Ai, Ai, Ai, Wog, Wog, Wog, Ai, Ai, Wog, Ai, Wog, Ai, Ai, Wog, Chr, Chr, Wog, Wog, Wog^Bw/r, Chr, Chr, Ai, Wog, Wog, Wog, Wog, Wog, Aa, Aa, Aa, Aa, Aa, Ww, Ww, Aa, Aa, Aa, Aa, Aa, Aa, Aa, Aa^Fda, Aa, Aa^Fda, Aa^Fda, Aa^Fda, Aa, Aa, Aa
Aa, Aa, Aa, Aa, Aa, Wog, Wog, Wog, Wog, Wog, Ai, Ai, Ai, Wog, Wog, Wog, Ai, Ai, Ai, Ai, Ai, Wog, Wog, Wog, Ai, Ai, Wog, Wog, Wog, Ai, Chr, Chr, Chr^Vhcr, Wog, Chr, Chr, Chr, Wog, Chr^Vhcr, Chr, Chr, Wog, Wog, Wog, Wog, Aa, Aa, Aa, Aa, Aa, Aa, Ww, Ww, Aa, Aa, Aa, Aa, Aa, Aa, Aa^Fda, Aa^Fda, Aa^Fda, Aa^Fda, Aa, Aa, Aa, Aa
Aa, Aa, Aa, Aa, Aa, Aa, Aa, Wog, Aa, Wog, Ai, Wog, Wog, Wog, Wog, Ai, Ai, Ai, Wog, Wog, Wog, Wog, Wog, Ai, Wog, Wog, Wog, Wog, Wog, Wog, Wog, Chr, Wog, Chr, Khr, Wog, Khr, Chr, Wog, Chr, Wog, Wog, Wog, Wog, Wog, Wog, Wog, Aa, Ai, Aa, Aa, Aa, Ww, Aa, Aa, Cea, Aa, Aa, Aa, Aa, Aa, Aa, Aa, Aa, Wog, Wog, Wog
Aa, Aa, Aa, Aa, Aa, Aa, Aa, Aa, Aa^Fpa, Aa^Fpa, Aa^Fpa, Aa, Aa, Wog, Aa, Ai, Aa, Wog, Aa, Wog, Aa, Wog, Ai, Ai, Ai, Wog, Wog, Wog, Wog, Wog, Chr, Wog^Bw|r, Chr, Chr, Chr, Wog, Chr, Chr, Chr^Vhcr, Wog^Bw|r, Chr, Wog, Wog, Wog, Wog, Wog, Wog, Wog, Ai, Ai, Wog, Wog, Wog, Wog, Wog, Aa, Ai, Aa, Wog, Aa, Wog, Wog, Wog, Wog, Wog, Wog, Wog
Aa, Aa, Aa, Aa, Aa, Aa, Aa^Fpa, Aa^Fpa, Aa^Fpa, Aa^Fpa, Aa^Fpa, Aa, Aa, Aa, Aa, Aa, Aa^Fpa, Aa^Fpa, Aa^Fpa, Aa, Aa, Aa, Aa, Aa, Aa, Ai, Aa, Wog, Wog, Wog, Ai, Chr, Chr, Wog, Wog, Chr, Wog, Wog, Chr, Chr, Ai, Wog, Wog, Wog, Wog, Wog, Wog, Ai, Ai, Wog, Wog, Wog, Wog, Wog, Wog, Ai, Ai, Wog, Wog, Wog, Wog, Wog, Wog, Wog, Wog, Wog, Wog
Aa, Aa, Aa, Aa, Aa, Aa, Aa^Fpa, Aa^Fpa, Aa^Fpa, Aa^Fpa, Aa, Aa, Aa, Aa, Aa^Fpa, Aa^Fpa, Aa^Fpa, Aa^Fpa, Aa^Fpa, Aa^Fpa, Aa, Aa, Aa, Aa, Aa, Aa, Aa, Wog, Ai, Ai, Wog, Ai, Ai, Chr, Chr, Chr, Chr, Chr, Ai, Ai, Wog, Wog, Wog, Wog, Wog, Wog, Wog, Ai, Ai, Ai, Wog, Wog, Wog, Wog, Wog, Ai, Ai, Ai, Ai, Wog, Wog, Wog, Wog, Wog, Wog, Wog, Wog
Aa, Aa, Aa, Aa, Aa, Aa, Aa, Aa^Fpa, Aa, Aa, Aa, Aa, Aa, Aa, Aa^Fpa, Aa^Fpa, Aa^Fpa, Aa^Fpa, Aa^Fpa, Aa^Fpa, Aa, Aa, Aa, Aa, Aa, Aa, Aa, Aa, Aa, Wog, Wog, Wog, Wog^Bsb/, Wog^Bsb/, Ai, Chr, Wog, Ai, Wog, Wog, Wog, Wog, Wog, Wog, Wog, Wog, Wog, Ai, Wog, Ai, Ai, Wog, Wog, Wog, Wog, Wog, Ai, Ai, Ai, Ai, Wog, Wog, Wog, Wog, Wog, Wog, Wog
Aa, Aa, Aa, Aa, Aa^Fma, Aa, Aa, Aa, Aa^Fma, Aa, Aa, Aa, Aa, Aa, Aa, Aa^Fpa, Aa^Fpa, Aa^Fpa, Aa^Fpa, Aa, Aa, Aa, Aa, Aa, Aa, Aa, Aa, Aa, Rp, Wog, Wog^Bsb/, Wog^Bsb/, Wog, Ai, Wog, Ai, Wog, Wog, Wog, Wog, Wog, Wog, Wog, Aa, Aa^Fpa, Aa^Fpa, Aa^Fpa, Wog, Aa^Fpa, Ai, Wog, Wog, Wog, Wog, Wog, Wog, Wog, Ai, Ai, Wog, Wog, Wog, Wog, Wog, Wog, Wog, Wog
Aa, Aa, Aa, Aa, Aa^Fma, Aa^Fma, Aa^Fma, Aa^Fma, Aa^Fma, Aa^Fma, Aa^Fma, Aa, Aa, Aa, Aa, Aa, Aa^Fpa, Aa^Fpa, Aa^Fpa, Aa, Aa, Aa, Aa, Aa, Aa, Aa, Aa, Aa, Rp, Rp, Rp, Wog, Wog, Wog, Ai, Ai, Wog, Wog, Wog, Wog, Aa^Fpa, Wog, Aa, Aa, Aa, Aa^Fpa, Aa^Fpa, Aa^Fpa, Aa^Fpa, Aa^Fpa, Aa^Fpa, Aa^Fpa, Aa^Fpa, Aa^Fpa, Aa^Fpa, Wog, Aa, Ai, Aa, Ai, Aa, Aa, Aa, Wog, Aa, Aa, Aa
Aa, Aa, Aa, Aa, Aa^Fma, Aa^Fma, Aa^Fma, Aa^Fma, Aa^Fma, Aa^Fma, Aa^Eff, Aa^Fma, Aa^Fma, Aa, Aa, Aa, Aa, Aa^Fpa, Aa, Aa, Aa, Aa, Aa^Fda, Aa^Fda, Aa^Fda, Aa^Fda, Aa^Fda, Rp, Rp, Rp, Rp, Aa, Aa, Wog, Aa, Wog, Wog, Wog, Aa, Aa^Fpa, Aa^Fpa, Aa^Fpa, Aa^Fpa, Aa^Fpa, Aa, Aa, Aa, Aa^Fpa, Aa, Aa, Aa, Aa, Aa, Aa, Aa, Aa, Aa^Fma, Aa, Aa^Fda, Aa, Aa, Aa, Aa, Aa, Aa^Fpa, Aa, Aa
Aa, Aa, Aa, Aa, Aa^Fma, Aa^Fma, Aa^Fma, Aa^Fma, Aa^Eff, Aa^Eff, Aa, Aa^Eff, Aa^Eff, Aa, Aa, Aa, Aa, Aa, Aa, Aa, Aa, Aa^Fda, Aa^Fda, Aa^Fda, Aa^Fda, Aa^Fda, Aa^Fda, Rp, Rp, Rp, Rp, Aa, Aa, Aa, Aa, Aa, Aa, Aa, Aa, Aa, Aa, Aa, Aa, Aa, Aa, Aa, Aa, Aa^Fma, Aa^Fma, Aa, Aa, Aa, Aa^Fpa, Aa^Fpa, Aa, Aa^Fda, Aa, Aa^Fma, Aa^Fma, Aa, Aa, Aa, Aa^Fpa, Aa^Fpa, Aa, Aa^Fpa, Aa
Aa, Aa, Aa, Aa^Fma, Aa^Fma, Aa^Fma, Aa^Eff, Aa^Eff, Aa, Aa, Aa^Vla, Aa, Aa, Aa^Eff, Aa^Eff, Aa, Aa, Aa, Aa, Aa, Aa, Aa^Fda, Aa^Fda, Aa^Fda, Rp, Aa^Fda, Rp, Rp, Rp, Rp, Aa, Aa, Aa, Aa, Aa, Aa, Aa, Aa, Aa^Fma, Aa, Aa, Aa, Aa, Aa, Aa, Aa, Aa, Aa^Fda, Aa, Aa^Fda, Aa, Aa, Aa^Fpa, Aa^Fpa, Aa, Aa^Wm, Aa^Vla, Aa, Aa, Aa, Aa, Aa^Fpa, Aa^Fpa, Aa, Aa, Aa, Aa
Aa, Aa, Aa, Aa, Aa^Fma, Aa^Fma, Aa^Fma, Aa^Eff, Aa^Eff, Aa, Aa, Aa, Aa^Eff, Aa^Eff, Rp, Aa, Rp, Aa, Aa, Aa, Aa, Aa^Fda, Aa^Fda, Rp, Rp, Rp, Rp, Rp, Aa, Rp, Aa, Aa, Aa, Aa, Aa, Aa, Aa, Aa^Fma, Aa^Fda, Aa^Fda, Aa^Fda, Aa, Aa, Aa, Aa, Aa^Fma, Aa, Aa, Aa, Aa, Aa, Aa, Aa, Aa^Fma, Aa, Aa, Aa, Aa, Aa^Fma, Aa^Fda, Aa, Aa, Aa^Fma, Aa^Fma, Aa^Fma, Aa^Fpa, Aa
Aa, Aa, Aa, Aa, Aa, Aa^Fma, Aa, Aa, Aa, Aa^Eff, Aa, Aa^Eff, Aa, Rp, Aa, Rp, Aa, Rp, Rp, Aa, Aa, Aa^Fda, Rp, Rp, Rp, Rp, Aa^Fda, Aa^Fda, Aa^Fda, Aa, Aa^Fda, Aa, Aa, Aa, Aa, Aa, Aa^Fma, Aa^Fma, Aa, Aa, Aa^Fda, Aa^Fda, Aa^Fda, Aa, Aa, Aa^Fma, Aa, Aa, Aa^Fda, Aa, Aa, Aa, Aa, Aa^Fma, Aa, Aa, Aa, Aa^Fda, Aa, Aa, Aa, Aa, Aa, Aa^Fma, Aa^Fma, Aa^Fpa, Aa
Aa, Aa, Aa, Aa, Aa, Aa, Aa, Aa, Aa, Aa, Aa, Aa, Aa, Aa, Aa, Aa, Aa^Fda, Aa^Fda, Rp, Aa, Ce, Aa, Rp, Rp, Rp, Aa^Fda, Aa^Fda, Aa^Fda, Aa^Fda, Aa^Fda, Aa^Fda, Aa^Fda, Aa^Fda, Aa, Aa, Aa, Aa, Aa, Aa^Vla, Ai, Aa, Aa^Fda, Aa, Aa, Aa, Aa, Aa, Aa, Aa^Fda, Aa, Aa, Aa, Aa, Aa^Fda, Aa^Fda, Aa, Aa, Aa, Aa, Aa, Aa, Aa, Aa, Aa^Fma, Aa^Fma, Aa^Fpa, Aa
Aa, Aa, Aa, Aa, Aa^Fda, Aa, Aa, Aa, Aa, Aa, Aa, Aa, Aa^Fda, Aa^Fda, Aa^Fda, Aa^Fda, Aa^Fda, Aa^Fda, Aa^Fda, Rp, Rp, Kea, Rp, Rp, Rp, Aa^Fda, Aa^Fda, Aa^Fda, Aa^Fda, Aa^Fda, Aa^Fda, Aa^Fda, Aa^Fda, Aa, Aa, Aa, Aa, Aa^Fda, Aa^Fma, Aa^Fma, Aa^Fda, Aa, Aa^Fda, Aa, Aa^Fda, Aa^Fma, Aa, Aa, Aa^Fda, Aa^Fda, Aa, Aa, Aa, Aa, Aa, Aa, Aa, Aa, Aa, Aa, Aa, Aa, Aa, Aa^Fma, Aa^Fma, Aa, Aa
Aa, Aa, Aa, Aa, Aa, Aa^Fda, Aa^Fda, Aa, Aa^Fda, Aa, Aa, Aa^Fda, Aa^Fda, Aa^Fda, Aa, Aa, Aa, Aa^Fda, Aa, Aa, Aa, Rp, Rp, Rp, Rp, Aa^Fda, Aa^Fda, Aa^Fda, Aa^Fda, Aa^Vca, Aa^Fda, Aa^Fda, Aa^Fda, Aa, Aa, Aa, Aa, Aa^Fda, Aa, Aa^Fda, Aa^Fda, Aa^Fda, Aa^Fda, Aa, Aa, Aa^Fda, Aa, Aa, Aa, Aa, Aa, Aa^Fma, Aa^Fma, Aa, Aa, Aa, Aa, Aa, Aa, Aa^Fda, Aa, Aa, Aa, Aa^Fma, Aa, Aa, Aa
Aa, Aa, Aa, Aa, Aa, Aa, Aa, Aa, Aa^Fda, Aa, Aa, Aa, Aa, Aa^Fda, Aa, Aa, Aa, Aa, Aa, Aa, Aa^Fda, Rp, Rp, Rp, Rp, Aa^Fda, Aa^Fda, Aa^Fda, Aa^Fda, Aa^Fda, Aa^Fda, Aa^Fda, Aa, Aa, Aa, Aa, Aa, Aa, Aa, Aa^Fda, Aa^Fda, Aa^Fda, Aa^Fda, Aa^Fda, Aa, Aa, Aa, Aa, Aa, Aa, Aa, Aa, Aa, Aa^Fda, Aa^Fda, Aa, Aa, Aa, Aa^Fda, Aa^Fma, Aa, Aa, Aa, Aa, Aa, Aa, Aa
Aa, Aa, Aa, Aa, Aa, Aa^Fda, Aa^Fda, Aa^Fda, Aa^Fda, Aa^Fda, Aa, Aa, Aa^Fda, Aa^Fda, Aa, Aa, Aa, Aa, Aa, Aa, Aa^Fda, Rp, Rp, Rp, Rp, Aa, Aa, Aa^Fda, Aa, Aa^Fda, Aa, Aa, Aa, Aa^Fda, Aa^Fda, Aa^Fda, Aa, Aa^Fda, Aa^Fda, Aa, Aa, Aa, Aa, Aa, Aa, Aa, Aa, Aa, Aa^Fda, Aa^Fda, Aa, Aa, Aa, Aa, Aa^Fda, Aa, Aa, Aa, Aa^Fda, Aa^Fma, Aa, Aa, Aa^Fda, Aa^Fda, Aa, Aa, Aa
Aa, Aa, Aa, Aa, Aa, Aa^Fda, Aa^Fda, Aa, Aa, Aa, Aa, Aa, Aa, Aa, Aa, Aa, Aa, Aa, Aa, Aa, Aa^Fda, Aa^Fda, Rp, 1 Rp, Rp, Rp, Aa, Aa, Aa, Aa, Aa, Aa^Fda, Aa^Fda, Aa^Fda, Aa^Fda, Aa^Fda, Aa^Fda, Aa^Fda, Aa^Fda, Aa^Fda, Aa^Fda, Aa, Aa, Aa, Aa, Aa, Aa, Aa^Fda, Aa, Aa^Fda, Aa^Fda, Aa, Aa^Fda, Aa, Aa, Aa, Aa, Aa^Fda, Aa, Aa, Aa^Fda, Aa, Aa, Aa^Fda, Aa, Aa, Aa
Aa, Aa, Aa, Aa, Aa, Aa, Aa, Aa^Fda, Aa^Fda, Aa, Aa, Aa, Aa, Aa, Aa, Aa, Aa, Aa, Aa, Aa, Aa, Aa^Fda, Rp, Rp, Rp, Rp, Aa, Aa, Aa^Fda, Aa^Fda, Aa^Fda, Aa, Aa, Aa^Fda, Aa, Aa^Fda, Aa^Fda, Aa^Fda, Aa^Fda, Aa^Fda, Aa, Aa, Aa, Aa, Aa^Fda, Aa^Fda, Aa^Fda, Aa, Aa, Aa^Fda, Aa, Aa^Fda, Aa, Aa, Aa, Aa, Aa, Aa, Aa, Aa^Fda, Aa, Aa, Aa^Fda, Aa^Fda, Aa, Aa, Aa
Aa, Aa, Aa, Aa, Aa, Aa, Aa, Aa, Aa, Aa^Fda, Aa^Fda, Aa, Aa, Aa, Aa, Aa, Aa, Aa, Aa, Aa, Aa, Aa, Rp, Rp, Rp, Aa, Aa, Aa, Aa^Fda, Aa^Fda, Aa^Fda, Aa^Fda, Aa^Fda, Aa, Aa, Aa^Fda, Aa, Aa^Fda, Aa^Fda, Aa, Aa, Aa, Aa, Aa, Aa, Aa, Aa, Aa, Aa, Aa, Aa, Aa, Aa, Aa, Aa^Fda, Aa, Aa, Aa, Aa^Fda, Aa^Fda, Aa, Aa^Fda, Aa^Fda, Aa, Aa, Aa, Aa
Aa, Aa, Aa, Aa, Aa, Aa, Aa, Aa, Aa, Aa, Aa, Aa, Aa, Aa, Aa, Aa, Aa, Aa, Aa, Aa, Aa, Rp, Rp, Rp, Rp, Aa, Aa, Aa, Aa, Aa^Fda, Aa, Aa^Fda, Aa^Fda, Aa, Aa, Aa, Aa, Aa, Aa, Aa, Aa, Aa, Aa, Aa, Aa, Aa, Aa, Aa, Aa^Fda, Aa^Fda, Aa, Aa, Aa, Aa^Fda, Aa, Aa, Aa, Aa, Aa, Aa, Aa, Aa^Fda, Aa^Fda, Aa, Aa, Aa, Aa
Aa, Aa, Aa, Aa, Aa, Aa, Aa, Aa, Aa, Aa, Aa, Aa, Aa, Aa, Aa, Aa, Aa, Aa, Aa, Aa, Aa, Rp, Rp, Rp, Aa, Aa, Aa, Aa, Aa, Aa, Aa, Aa, Aa, Aa, Aa, Aa, Aa, Aa, Aa, Aa, Aa, Aa, Aa, Aa, Aa, Aa, Aa, Aa, Aa, Aa^Fda, Aa, Aa, Aa, Aa^Fda, Aa, Aa, Aa, Aa, Aa, Aa, Aa, Aa, Aa, Aa, Aa, Aa, Aa
